🏋️  MHGym API draait op http://localhost:3000
📋 Omgeving: development
[0mPOST /api/auth/login [32m200[0m 154.399 ms - 512[0m
[0mGET /api/agenda?from=2026-05-25&to=2026-05-31 [32m200[0m 9.221 ms - 4411[0m
[0mPOST /api/pt/slots [32m201[0m 5.072 ms - 205[0m
[0mPOST /api/vt/admin/slots [32m201[0m 5.029 ms - 208[0m
[0mPOST /api/vt/slots/3/book [33m400[0m 3.960 ms - 53[0m
[0mGET /api/pt/balance/admin [32m200[0m 1.877 ms - 664[0m
[0mPOST /api/admin/members/1/pt-lessons [32m200[0m 12.089 ms - 37[0m
[0mGET /api/auth/me [36m304[0m 6.887 ms - -[0m
[0mGET /api/bookings [36m304[0m 3.360 ms - -[0m
[0mGET /api/auth/me [36m304[0m 7.173 ms - -[0m
[0mGET /api/bookings [36m304[0m 2.122 ms - -[0m
[0mGET /api/agenda?from=2026-05-25&to=2026-05-31 [32m200[0m 9.541 ms - 4411[0m
[0mGET /api/admin/members [32m200[0m 5.076 ms - 2885[0m
[0mGET /api/agenda?from=2026-05-25&to=2026-05-31 [36m304[0m 7.102 ms - -[0m
[0mGET /api/admin/members [36m304[0m 5.300 ms - -[0m
[0mPOST /api/pt/slots [32m201[0m 13.248 ms - 193[0m
[0mGET /api/agenda?from=2026-05-25&to=2026-05-31 [32m200[0m 9.186 ms - 4670[0m
[0mGET /api/admin/stats [36m304[0m 9.146 ms - -[0m
[0mGET /api/admin/stats [36m304[0m 6.490 ms - -[0m
[0mGET /api/admin/members [36m304[0m 4.986 ms - -[0m
[0mGET /api/admin/members [36m304[0m 6.432 ms - -[0m
[0mGET /api/pt/bookings/admin [36m304[0m 4.664 ms - -[0m
[0mGET /api/pt/balance/admin [32m200[0m 3.551 ms - 992[0m
[0mGET /api/pt/slots?all=1 [32m200[0m 6.842 ms - 1224[0m
[0mGET /api/pt/bookings/admin [36m304[0m 4.696 ms - -[0m
[0mGET /api/pt/balance/admin [36m304[0m 4.088 ms - -[0m
[0mGET /api/pt/slots?all=1 [36m304[0m 2.718 ms - -[0m
[0mGET /api/admin/members [36m304[0m 5.120 ms - -[0m
[0mGET /api/vt/admin/slots?from=2026-05-25&to=2026-07-24 [32m200[0m 7.076 ms - 801[0m
[0mGET /api/admin/members [36m304[0m 6.998 ms - -[0m
[0mGET /api/vt/admin/slots?from=2026-05-25&to=2026-07-24 [36m304[0m 5.585 ms - -[0m
[0mGET /api/agenda?from=2026-05-25&to=2026-05-31 [36m304[0m 6.850 ms - -[0m
[0mGET /api/admin/members [36m304[0m 2.624 ms - -[0m
[0mGET /api/agenda?from=2026-05-25&to=2026-05-31 [36m304[0m 6.525 ms - -[0m
[0mGET /api/admin/members [36m304[0m 3.216 ms - -[0m
